[formsubmit.co/savaannahalicea0@gmail.html]
[backblue.gif]
[fade.gif]
[index.html]
[formsubmit.co/image/home-page.png]
[formsubmit.co/index.html]
[code.jquery.com/jquery-3.3.1.min.js]
[formsubmit.co/js/app.js]
[use.fontawesome.com/releases/v5.5.0/css/all.css]
[formsubmit.co/css/app.css]
[formsubmit.co/image/favicon/apple-icon-57x57.png]
[formsubmit.co/image/favicon/apple-icon-60x60.png]
[formsubmit.co/image/favicon/apple-icon-72x72.png]
[formsubmit.co/image/favicon/apple-icon-76x76.png]
[formsubmit.co/image/favicon/apple-icon-114x114.png]
[formsubmit.co/image/favicon/apple-icon-120x120.png]
[formsubmit.co/image/favicon/apple-icon-144x144.png]
[formsubmit.co/image/favicon/apple-icon-152x152.png]
[formsubmit.co/image/favicon/apple-icon-180x180.png]
[formsubmit.co/image/favicon/android-icon-192x192.png]
[formsubmit.co/image/favicon/favicon-32x32.png]
[formsubmit.co/image/favicon/favicon-96x96.png]
[formsubmit.co/image/favicon/favicon-16x16.png]
[formsubmit.co/manifest.json]
[formsubmit.co/image/logo.png]
[formsubmit.co/savaannahalicea0@gmail.html]
[formsubmit.co/index9efc.html]
[formsubmit.co/email-link.html]
[formsubmit.co/documentation.html]
[formsubmit.co/live-demo.html]
[formsubmit.co/help.html]
[formsubmit.co/support.html]
[formsubmit.co/services.html]
[formsubmit.co/cdn-cgi/l/email-protection]
[formsubmit.co/email-templates.html]
[formsubmit.co/api-documentation.html]
[formsubmit.co/ajax-documentation.html]
[formsubmit.co/privacy.pdf]
[formsubmit.co/index.html]
[use.fontawesome.com/releases/v5.5.0/css/all.css]
[formsubmit.co/css/app.css]
[formsubmit.co/index9efc.html]
[formsubmit.co/cdn-cgi/scripts/5c5dd728/cloudflare-static/email-decode.min.js]
[www.google.com/recaptcha/apid41d.js]
[formsubmit.co/email-link.html]
[formsubmit.co/documentation.html]
[formsubmit.co/live-demo.html]
[formsubmit.co/help.html]
[formsubmit.co/support.html]
[formsubmit.co/services.html]
[formsubmit.co/cdn-cgi/l/email-protection.html]
[formsubmit.co/image/basic-template.png]
[formsubmit.co/image/table-template.png]
[formsubmit.co/image/box-template.png]
[formsubmit.co/email-templates.html]
[formsubmit.co/api-documentation.html]
[gist.github.com/kesarawimal/53d4308a8234638b88275225c32a11b6.js]
[gist.github.com/kesarawimal/863b2109514558ba4dd803372e035d89.js]
[formsubmit.co/ajax-documentation.html]
[gist.github.com/kesarawimal/38ebe436a03719ccfbf61dfc6cd11758.js]
